
> kinofix-frontend@2.0.0 build
> tsc && vite build

[36mvite v6.4.1 [32mbuilding for production...[36m[39m
transforming...
[32mΓ£ô[39m 2082 modules transformed.
rendering chunks...
computing gzip size...
[2mdist/[22m[32mindex.html                 [39m[1m[2m  0.49 kB[22m[1m[22m[2m Γöé gzip:   0.31 kB[22m
[2mdist/[22m[35massets/index-MKAei8RX.css  [39m[1m[2m 44.72 kB[22m[1m[22m[2m Γöé gzip:   7.56 kB[22m
[2mdist/[22m[36massets/index-BryieZoD.js   [39m[1m[2m378.67 kB[22m[1m[22m[2m Γöé gzip: 116.87 kB[22m
[32mΓ£ô built in 2.60s[39m
