
> kinofix-frontend@2.0.0 typecheck
> tsc --noEmit

src/services/api.ts(1,29): error TS2339: Property 'env' does not exist on type 'ImportMeta'.
